Upload an APK or AAB to the Play Store.

The service account, which has been linked to the Play Store, is needed.
The track is optional and defaults to "internal", if omitted

Usage:
  play-publisher upload <file> [flags]

Flags:
  -h, --help                     help for upload
  -s, --service-account string   the service account (required)
  -r, --skip-review              skip review (changesNotSentForReview)
  -S, --status string            status (completed, inProgress, draft, halted) (default "completed")
  -t, --track string             the track (default "internal")
